   1               		.file	"main.c"
   2               	__SREG__ = 0x3f
   3               	__SP_H__ = 0x3e
   4               	__SP_L__ = 0x3d
   5               	__CCP__  = 0x34
   6               	__tmp_reg__ = 0
   7               	__zero_reg__ = 1
  15               	.Ltext0:
  16               		.data
  17               	.LC0:
  18 0000 6865 6C6C 		.string	"hello"
  18      6F00 
  19               		.text
  20               	.global	main
  22               	main:
  23               	.LFB6:
  24               	.LM1:
  25               	/* prologue: function */
  26               	/* frame size = 0 */
  27               	.LM2:
  28 0000 0E94 0000 		call lcdinit
  29               	.LM3:
  30 0004 80E0      		ldi r24,lo8(0)
  31 0006 60E0      		ldi r22,lo8(0)
  32 0008 0E94 0000 		call goto_xy
  33               	.LM4:
  34 000c 80E0      		ldi r24,lo8(.LC0)
  35 000e 90E0      		ldi r25,hi8(.LC0)
  36 0010 0E94 0000 		call lcd_text
  37               	.L2:
  38 0014 00C0      		rjmp .L2
  39               	.LFE6:
  65               	.Letext0:
DEFINED SYMBOLS
                            *ABS*:00000000 main.c
C:\Users\PSM07\AppData\Local\Temp/cc3Z8E08.s:2      *ABS*:0000003f __SREG__
C:\Users\PSM07\AppData\Local\Temp/cc3Z8E08.s:3      *ABS*:0000003e __SP_H__
C:\Users\PSM07\AppData\Local\Temp/cc3Z8E08.s:4      *ABS*:0000003d __SP_L__
C:\Users\PSM07\AppData\Local\Temp/cc3Z8E08.s:5      *ABS*:00000034 __CCP__
C:\Users\PSM07\AppData\Local\Temp/cc3Z8E08.s:6      *ABS*:00000000 __tmp_reg__
C:\Users\PSM07\AppData\Local\Temp/cc3Z8E08.s:7      *ABS*:00000001 __zero_reg__
C:\Users\PSM07\AppData\Local\Temp/cc3Z8E08.s:22     .text:00000000 main

UNDEFINED SYMBOLS
lcdinit
goto_xy
lcd_text
__do_copy_data
